// Jest Snapshot v1, https://goo.gl/fbAQLP

exports[`renders correctly 1`] = `
<div
  className="chat-top-area"
>
  <button
    className="chat-bars-button"
    label="bars"
    onClick={null}
    type="button"
  >
    <i
      className="fa fa-bars"
    />
  </button>
  <p
    className="chat-top-name"
  >
    username
  </p>
</div>
`;
